// Jest Snapshot v1, https://goo.gl/fbAQLP

exports[`page - index should render 1`] = `
<main
  className="jsx-2239995928 sans-serif mw8 center"
>
  <header
    className="jsx-3038145414 fw3 mb3 h2"
  >
    <nav
      className="jsx-3038145414 pa3 fixed db w-100 left-0 flex justify-between"
    >
      <div
        className="jsx-3038145414 flex items-center"
      >
        <a
          className="link f6 f5-ns dib mr3 underline i no-underline underline-hover"
          href="/"
          onClick={[Function]}
          onMouseEnter={[Function]}
          title="girlfriend technology"
        >
          💖 girlfriend technology
        </a>
      </div>
      <div
        className="jsx-3038145414 flex-grow flex items-center"
      >
        <a
          className="link f6 f5-ns dib mr3 underline "
          href="/projects"
          onClick={[Function]}
          onMouseEnter={[Function]}
          title="projects"
        >
          projects
        </a>
        <a
          className="link f6 f5-ns dib mr3 underline "
          href="/labs"
          onClick={[Function]}
          onMouseEnter={[Function]}
          title="labs"
        >
          labs
        </a>
      </div>
    </nav>
  </header>
  <div
    className="fw9 i f-subheadline ph3 pt6 mw6 center"
  >
    👭 apps for us 👩‍❤️‍💋‍👩
  </div>
  <footer
    className="left-0 right-0 absolute w-100 fw3 pv5 tc"
  >
    <p
      className="i"
    >
      © girlfriend technology 
      2020
    </p>
    <a
      className="mh2"
      href="/"
      title="terms"
    >
      terms
    </a>
    <a
      className="mh2"
      href="/"
      title="privacy"
    >
      privacy
    </a>
  </footer>
</main>
`;
